 
:: initializing oneAPI environment ...
   bash: BASH_VERSION = 5.3.9(1)-release
   args: Using "$@" for setvars.sh arguments: --force
:: advisor -- latest
:: ccl -- latest
:: compiler -- latest
:: dal -- latest
:: debugger -- latest
:: dev-utilities -- latest
:: dnnl -- latest
:: dpcpp-ct -- latest
:: dpl -- latest
:: ipp -- latest
:: ippcp -- latest
:: mkl -- latest
:: mpi -- latest
:: pti -- latest
:: tbb -- latest
:: tcm -- latest
:: umf -- latest
:: vtune -- latest
:: oneAPI environment initialized ::
 
| model                          |       size |     params | backend    | ngl |  fa | dev          |            test |                  t/s |
| ------------------------------ | ---------: | ---------: | ---------- | --: | --: | ------------ | --------------: | -------------------: |
| qwen2moe 57B.A14B Q4_K - Medium |   2.34 GiB |     4.09 B | SYCL       |  -1 |   1 | SYCL0        |           pp512 |      2255.53 ± 12.94 |
| qwen2moe 57B.A14B Q4_K - Medium |   2.34 GiB |     4.09 B | SYCL       |  -1 |   1 | SYCL0        |          pp8192 |       2160.36 ± 5.14 |
| qwen2moe 57B.A14B Q4_K - Medium |   2.34 GiB |     4.09 B | SYCL       |  -1 |   1 | SYCL0        |           tg128 |        137.07 ± 0.35 |
| qwen2moe 57B.A14B Q4_K - Medium |   2.34 GiB |     4.09 B | SYCL       |  -1 |   0 | SYCL0        |           pp512 |       2171.19 ± 0.81 |
| qwen2moe 57B.A14B Q4_K - Medium |   2.34 GiB |     4.09 B | SYCL       |  -1 |   0 | SYCL0        |          pp8192 |       1864.88 ± 2.56 |
| qwen2moe 57B.A14B Q4_K - Medium |   2.34 GiB |     4.09 B | SYCL       |  -1 |   0 | SYCL0        |           tg128 |        133.73 ± 0.07 |

build: d7fb90e8e (11211)
