 
:: initializing oneAPI environment ...
   bash: BASH_VERSION = 5.3.9(1)-release
   args: Using "$@" for setvars.sh arguments: --force
:: advisor -- latest
:: ccl -- latest
:: compiler -- latest
:: dal -- latest
:: debugger -- latest
:: dev-utilities -- latest
:: dnnl -- latest
:: dpcpp-ct -- latest
:: dpl -- latest
:: ipp -- latest
:: ippcp -- latest
:: mkl -- latest
:: mpi -- latest
:: pti -- latest
:: tbb -- latest
:: tcm -- latest
:: umf -- latest
:: vtune -- latest
:: oneAPI environment initialized ::
 
| model                          |       size |     params | backend    | ngl |  fa | dev          |            test |                  t/s |
| ------------------------------ | ---------: | ---------: | ---------- | --: | --: | ------------ | --------------: | -------------------: |
| qwen2moe 57B.A14B Q4_K - Medium |   2.34 GiB |     4.09 B | SYCL       |  -1 |   1 | SYCL0        |           pp512 |       2262.70 ± 1.12 |
| qwen2moe 57B.A14B Q4_K - Medium |   2.34 GiB |     4.09 B | SYCL       |  -1 |   1 | SYCL0        |          pp8192 |       2170.93 ± 7.17 |
| qwen2moe 57B.A14B Q4_K - Medium |   2.34 GiB |     4.09 B | SYCL       |  -1 |   1 | SYCL0        |           tg128 |        136.23 ± 0.34 |
| qwen2moe 57B.A14B Q4_K - Medium |   2.34 GiB |     4.09 B | SYCL       |  -1 |   0 | SYCL0        |           pp512 |       2198.51 ± 1.78 |
| qwen2moe 57B.A14B Q4_K - Medium |   2.34 GiB |     4.09 B | SYCL       |  -1 |   0 | SYCL0        |          pp8192 |       1876.93 ± 4.63 |
| qwen2moe 57B.A14B Q4_K - Medium |   2.34 GiB |     4.09 B | SYCL       |  -1 |   0 | SYCL0        |           tg128 |        133.99 ± 0.03 |

build: 9748c5b34 (11212)
