 
:: initializing oneAPI environment ...
   bash: BASH_VERSION = 5.3.9(1)-release
   args: Using "$@" for setvars.sh arguments: --force
:: ccl -- latest
:: compiler -- latest
:: debugger -- latest
:: dev-utilities -- latest
:: dnnl -- latest
:: dpl -- latest
:: ipp -- latest
:: ippcp -- latest
:: mkl -- latest
:: mpi -- latest
:: tbb -- latest
:: tcm -- latest
:: umf -- latest
:: vtune -- latest
:: oneAPI environment initialized ::
 
| model                          |       size |     params | backend    | ngl |  fa | dev          |            test |                  t/s |
| ------------------------------ | ---------: | ---------: | ---------- | --: | --: | ------------ | --------------: | -------------------: |
| qwen2moe 57B.A14B Q4_K - Medium |   2.34 GiB |     4.09 B | SYCL       |  -1 |   1 | SYCL0        |           pp512 |       1339.56 ± 4.56 |
| qwen2moe 57B.A14B Q4_K - Medium |   2.34 GiB |     4.09 B | SYCL       |  -1 |   1 | SYCL0        |          pp8192 |       1290.88 ± 2.89 |
| qwen2moe 57B.A14B Q4_K - Medium |   2.34 GiB |     4.09 B | SYCL       |  -1 |   1 | SYCL0        |           tg128 |         29.57 ± 0.14 |
| qwen2moe 57B.A14B Q4_K - Medium |   2.34 GiB |     4.09 B | SYCL       |  -1 |   0 | SYCL0        |           pp512 |       1325.00 ± 0.92 |
| qwen2moe 57B.A14B Q4_K - Medium |   2.34 GiB |     4.09 B | SYCL       |  -1 |   0 | SYCL0        |          pp8192 |       1167.68 ± 1.82 |
| qwen2moe 57B.A14B Q4_K - Medium |   2.34 GiB |     4.09 B | SYCL       |  -1 |   0 | SYCL0        |           tg128 |         26.96 ± 0.01 |

build: 86f5e5260 (11098)
