 
:: initializing oneAPI environment ...
   bash: BASH_VERSION = 5.3.9(1)-release
   args: Using "$@" for setvars.sh arguments: --force
:: ccl -- latest
:: compiler -- latest
:: debugger -- latest
:: dev-utilities -- latest
:: dnnl -- latest
:: dpl -- latest
:: ipp -- latest
:: ippcp -- latest
:: mkl -- latest
:: mpi -- latest
:: tbb -- latest
:: tcm -- latest
:: umf -- latest
:: vtune -- latest
:: oneAPI environment initialized ::
 
| model                          |       size |     params | backend    | ngl |  fa | dev          |            test |                  t/s |
| ------------------------------ | ---------: | ---------: | ---------- | --: | --: | ------------ | --------------: | -------------------: |
| qwen2moe 57B.A14B Q4_K - Medium |   2.34 GiB |     4.09 B | SYCL       |  -1 |   1 | SYCL0        |           pp512 |       1345.58 ± 4.57 |
| qwen2moe 57B.A14B Q4_K - Medium |   2.34 GiB |     4.09 B | SYCL       |  -1 |   1 | SYCL0        |          pp8192 |       1287.42 ± 2.62 |
| qwen2moe 57B.A14B Q4_K - Medium |   2.34 GiB |     4.09 B | SYCL       |  -1 |   1 | SYCL0        |           tg128 |         29.61 ± 0.02 |
| qwen2moe 57B.A14B Q4_K - Medium |   2.34 GiB |     4.09 B | SYCL       |  -1 |   0 | SYCL0        |           pp512 |       1309.87 ± 1.50 |
| qwen2moe 57B.A14B Q4_K - Medium |   2.34 GiB |     4.09 B | SYCL       |  -1 |   0 | SYCL0        |          pp8192 |       1163.12 ± 1.30 |
| qwen2moe 57B.A14B Q4_K - Medium |   2.34 GiB |     4.09 B | SYCL       |  -1 |   0 | SYCL0        |           tg128 |         26.87 ± 0.08 |

build: 54a023635 (11223)
