 
:: initializing oneAPI environment ...
   bash: BASH_VERSION = 5.3.9(1)-release
   args: Using "$@" for setvars.sh arguments: --force
:: ccl -- latest
:: compiler -- latest
:: debugger -- latest
:: dev-utilities -- latest
:: dnnl -- latest
:: dpl -- latest
:: ipp -- latest
:: ippcp -- latest
:: mkl -- latest
:: mpi -- latest
:: tbb -- latest
:: tcm -- latest
:: umf -- latest
:: vtune -- latest
:: oneAPI environment initialized ::
 
| model                          |       size |     params | backend    | ngl |  fa | dev          |            test |                  t/s |
| ------------------------------ | ---------: | ---------: | ---------- | --: | --: | ------------ | --------------: | -------------------: |
| qwen2moe 57B.A14B Q4_K - Medium |   2.34 GiB |     4.09 B | SYCL       |  -1 |   1 | SYCL0        |           pp512 |       1337.40 ± 2.83 |
| qwen2moe 57B.A14B Q4_K - Medium |   2.34 GiB |     4.09 B | SYCL       |  -1 |   1 | SYCL0        |          pp8192 |       1288.79 ± 8.55 |
| qwen2moe 57B.A14B Q4_K - Medium |   2.34 GiB |     4.09 B | SYCL       |  -1 |   1 | SYCL0        |           tg128 |         29.37 ± 0.02 |
| qwen2moe 57B.A14B Q4_K - Medium |   2.34 GiB |     4.09 B | SYCL       |  -1 |   0 | SYCL0        |           pp512 |       1323.80 ± 2.75 |
| qwen2moe 57B.A14B Q4_K - Medium |   2.34 GiB |     4.09 B | SYCL       |  -1 |   0 | SYCL0        |          pp8192 |       1167.16 ± 2.15 |
| qwen2moe 57B.A14B Q4_K - Medium |   2.34 GiB |     4.09 B | SYCL       |  -1 |   0 | SYCL0        |           tg128 |         26.89 ± 0.01 |

build: 82c9c221f (11258)
